// Jest Snapshot v1, https://goo.gl/fbAQLP

exports[`Pruebas en Main ProductGrid debe mostrar el componente correctamente  1`] = `
<div
  className="container"
/>
`;
